xrun(64): 22.03-s001: (c) Copyright 1995-2022 Cadence Design Systems, Inc.
TOOL:	xrun(64)	22.03-s001: Started on Nov 27, 2025 at 22:30:33 MSK
xrun
	-compile
	-64bit
	/home/Stepan/General-Purpose-Timers/build/../rtl/digital_filter.sv
	/home/Stepan/General-Purpose-Timers/build/../rtl/divider_output.sv
	/home/Stepan/General-Purpose-Timers/build/../rtl/divider_trigger.sv
	/home/Stepan/General-Purpose-Timers/build/../rtl/edge_detector.sv
	/home/Stepan/General-Purpose-Timers/build/../rtl/encoder_mode.sv
	/home/Stepan/General-Purpose-Timers/build/../rtl/encoder_mode.sv
	/home/Stepan/General-Purpose-Timers/build/../rtl/fdts_generator.sv
	/home/Stepan/General-Purpose-Timers/build/../rtl/gpt_top.sv
	/home/Stepan/General-Purpose-Timers/build/../rtl/output_control.sv
	/home/Stepan/General-Purpose-Timers/build/../rtl/prescaler.sv
	/home/Stepan/General-Purpose-Timers/build/../rtl/sync_cell.sv
	/home/Stepan/General-Purpose-Timers/build/../rtl/tim_channel.sv
	/home/Stepan/General-Purpose-Timers/build/../rtl/time_base_unit.sv
	/home/Stepan/General-Purpose-Timers/build/../rtl/trigger_controller.sv
	/home/Stepan/General-Purpose-Timers/build/../rtl/regblock/axi_lite_if.sv
	/home/Stepan/General-Purpose-Timers/build/../rtl/regblock/CSR_GPT_pkg.sv
	/home/Stepan/General-Purpose-Timers/build/../rtl/regblock/CSR_GPT.sv
	/home/Stepan/General-Purpose-Timers/build/../tb/tb_gpt.sv
	-xmlibdirpath /home/Stepan/General-Purpose-Timers/build/work
	-l /home/Stepan/General-Purpose-Timers/build/compile.log
Recompiling... reason: file '../tb/tb_gpt.sv' is newer than expected.
	expected: Sun Nov  9 13:16:16 2025
	actual:   Thu Nov 27 22:30:24 2025
file: /home/Stepan/General-Purpose-Timers/build/../rtl/encoder_mode.sv
module encoder_mode (
                  |
xmvlog: *W,RECOME (/home/Stepan/General-Purpose-Timers/build/../rtl/encoder_mode.sv,1|18): recompiling design unit worklib.encoder_mode:sv.
	First compiled from line 1 of /home/Stepan/General-Purpose-Timers/build/../rtl/encoder_mode.sv.
file: /home/Stepan/General-Purpose-Timers/build/../tb/tb_gpt.sv
  axi4lite_intf.slave axil ();
                           |
xmvlog: *E,EXPSMC (/home/Stepan/General-Purpose-Timers/build/../tb/tb_gpt.sv,15|27): expecting a semicolon (';') [12.3.2(IEEE)].
	module worklib.tb_gpt:sv
		errors: 1, warnings: 0
xrun: *E,VLGERR: An error occurred during parsing.  Review the log file for errors with the code *E and fix those identified problems to proceed.  Exiting with code (status 1).
TOOL:	xrun(64)	22.03-s001: Exiting on Nov 27, 2025 at 22:30:33 MSK  (total: 00:00:00)
