xrun(64): 22.03-s001: (c) Copyright 1995-2022 Cadence Design Systems, Inc.
TOOL:	xrun(64)	22.03-s001: Started on Nov 21, 2025 at 13:31:22 MSK
xrun
	-r tb_gpt_opt
	-64bit
	-xmlibdirpath /home/Stepan/General-Purpose-Timers/build/work
	-seed 10446
	-l /home/Stepan/General-Purpose-Timers/build/run.log
	-input xlm.tcl
	-input @run
	-gui
xmsim: *W,NOMTDGUI: Multi-Threaded Dumping is disabled for interactive debug mode.
SVSEED set from command line: 10446
xmsim: *W,DSEM2009: This SystemVerilog design is simulated as per IEEE 1800-2009 SystemVerilog simulation semantics. Use -disable_sem2009 option for turning off SV 2009 simulation semantics.
xmsim: *E,IONOEN: file does not exist, xlm.tcl.

-------------------------------------
Relinquished control to SimVision...
xcelium> 
xcelium> source /local/tools/cadence/XCELIUM/22.03/tools/xcelium/files/xmsimrc
xcelium> run
xmsim: *W,OLDURR: The default algorithm for $urandom_range and randcase is used. It can have distribution problems..
Simulation interrupted at 3612736357325 NS + 1
xcelium> scope -set tb_gpt.DUT
xcelium> exit
TOOL:	xrun(64)	22.03-s001: Exiting on Nov 22, 2025 at 12:06:04 MSK  (total: 22:34:42)
